2026-07-25T15:31:48.703Z CALC-0001-C9 item.created [horst.schwarz@joydev.com]
2026-07-25T15:31:48.736Z CALC-0002-B3 item.created [horst.schwarz@joydev.com]
2026-07-25T15:31:48.767Z CALC-0003-FA item.created [horst.schwarz@joydev.com]
2026-07-25T15:31:48.800Z CALC-0004-C7 item.created [horst.schwarz@joydev.com]
2026-07-25T15:31:48.836Z CALC-0005-F4 item.created [horst.schwarz@joydev.com]
2026-07-25T15:31:48.867Z CALC-0006-B3 item.created [horst.schwarz@joydev.com]
2026-07-25T15:31:57.384Z CALC-0005-F4 item.status_changed "new -> in-progress" [horst.schwarz@joydev.com]
2026-07-25T15:31:57.415Z CALC-0005-F4 comment.added [horst.schwarz@joydev.com]
2026-07-25T15:31:57.457Z CALC-0005-F4 item.status_changed "in-progress -> review" [horst.schwarz@joydev.com]
2026-07-25T15:31:57.541Z CALC-0002 dep.added "CALC-0005" [horst.schwarz@joydev.com]
2026-07-25T15:31:57.594Z CALC-MS-01-39 milestone.created [horst.schwarz@joydev.com]
2026-07-25T15:31:57.651Z CALC-0002-B3 milestone.linked "CALC-MS-01-39" [horst.schwarz@joydev.com]
2026-07-25T15:31:57.712Z CALC-0003-FA milestone.linked "CALC-MS-01-39" [horst.schwarz@joydev.com]
2026-07-25T15:31:57.763Z CALC-0005-F4 milestone.linked "CALC-MS-01-39" [horst.schwarz@joydev.com]
2026-07-25T15:31:57.846Z CALC-JOB-0001-F7 item.created [horst.schwarz@joydev.com]
2026-07-25T15:39:23.956Z project project.updated "platform verify key registered" [horst.schwarz@joydev.com]
2026-07-25T15:39:41.430Z CALC-0007-EC item.created [horst.schwarz@joydev.com]
2026-07-25T15:39:41.466Z CALC-0008-E9 item.created [horst.schwarz@joydev.com]
2026-07-25T15:39:41.503Z CALC-0009-D0 item.created [horst.schwarz@joydev.com]
2026-07-25T15:39:41.537Z CALC-000A-45 item.created [horst.schwarz@joydev.com]
2026-07-25T15:39:41.570Z CALC-000B-A1 item.created [horst.schwarz@joydev.com]
2026-07-25T15:39:41.604Z CALC-000C-15 item.created [horst.schwarz@joydev.com]
2026-07-25T15:40:01.667Z CALC-0008-E9 item.status_changed "new -> open" [horst.schwarz@joydev.com]
2026-07-25T15:40:01.711Z CALC-0009-D0 item.status_changed "new -> open" [horst.schwarz@joydev.com]
2026-07-25T15:40:01.749Z CALC-000B-A1 item.status_changed "new -> open" [horst.schwarz@joydev.com]
2026-07-25T15:40:01.781Z CALC-0007-EC item.status_changed "new -> in-progress" [horst.schwarz@joydev.com]
2026-07-25T15:40:01.809Z CALC-000A-45 item.status_changed "new -> in-progress" [horst.schwarz@joydev.com]
2026-07-25T15:40:01.838Z CALC-000C-15 item.status_changed "new -> in-progress" [horst.schwarz@joydev.com]
2026-07-25T15:41:31.990Z CALC-MS-02-77 milestone.created [horst.schwarz@joydev.com]
2026-07-25T15:41:32.021Z CALC-0008-E9 milestone.linked "CALC-MS-02-77" [horst.schwarz@joydev.com]
2026-07-25T15:41:32.053Z CALC-0009-D0 milestone.linked "CALC-MS-02-77" [horst.schwarz@joydev.com]
2026-07-25T15:41:32.080Z CALC-000A-45 milestone.linked "CALC-MS-02-77" [horst.schwarz@joydev.com]
2026-07-25T15:41:32.107Z CALC-000C-15 milestone.linked "CALC-MS-02-77" [horst.schwarz@joydev.com]
2026-07-25T15:41:40.401Z CALC-0005-F4 item.status_changed "review -> closed" [horst.schwarz@joydev.com]
2026-07-25T15:41:49.012Z CALC-000C-15 item.status_changed "in-progress -> review" [horst.schwarz@joydev.com]
